# Домашнее задание к занятию 13.2 "Защита хоста"

Домашнее задание выполните в Google Docs и отправьте в личном кабинете на проверку ссылку на ваш документ.

Название файла должно содержать номер лекции и фамилию студента. Пример названия: "13.2 Защита хоста - Александр Волянский"

Перед тем как выслать ссылку, убедитесь, что ее содержимое не является приватным (открыто на просмотр всем, у кого есть ссылка). Если необходимо прикрепить дополнительные ссылки, просто добавьте их в свой Google Docs.

Любые вопросы по решению задач задавайте в чате учебной группы.

------

### Задание 1.

1. Установите **eCryptfs**.
2. Добавьте пользователя cryptouser.
3. Зашифруйте домашний каталог пользователя с помощью eCryptfs.


### установка eCryptfs

```
parallels@Bubuntu:~$ cryptsetup -V
cryptsetup 2.2.2
```
### создал пользователя

```
cryptouser@Bubuntu:~$ pwd
/home/cryptouser
```

### зашифровал 

```
cryptouser@bubuntu:~$ ls 
Access-Your-Private-Data.desktop  README.txt
cryptouser@bubuntu:~$ 
```
### После шифрования появились данные файлы .ecryptfs / Access-Your-Private-Data.desktop

```
oot@bubuntu:/# ll /home/cryptouser
total 8
dr-x------ 2 cryptouser cryptouser 4096 Apr 20 22:42 ./
drwxr-xr-x 6 root       root       4096 Apr 20 22:39 ../
lrwxrwxrwx 1 cryptouser cryptouser   56 Apr 20 22:39 Access-Your-Private-Data.desktop -> /usr/share/ecryptfs-utils/ecryptfs-mount-private.desktop*
lrwxrwxrwx 1 cryptouser cryptouser   36 Apr 20 22:39 .ecryptfs -> /home/.ecryptfs/cryptouser/.ecryptfs/
lrwxrwxrwx 1 cryptouser cryptouser   35 Apr 20 22:39 .Private -> /home/.ecryptfs/cryptouser/.Private/
lrwxrwxrwx 1 cryptouser cryptouser   52 Apr 20 22:39 README.txt -> /usr/share/ecryptfs-utils/ecryptfs-mount-private.txt
```



*В качестве ответа  пришлите снимки экрана домашнего каталога пользователя с исходными и зашифрованными данными.*  

### Задание 2.

1. Установите поддержку **LUKS**.
2. Создайте небольшой раздел (например, 100 Мб).
3. Зашифруйте созданный раздел с помощью LUKS.

добавил диск на 100мб

```
Device       Start       End   Sectors  Size Type
/dev/sda1     2048   1050623   1048576  512M EFI System
/dev/sda2  1050624 134215679 133165056 63.5G Linux filesystem

Disk /dev/sdb: 102 MiB, 106954752 bytes, 208896 sectors
Disk model: Ubuntu 20.04.2 A
Units: sectors of 1 * 512 = 512 bytes
Sector size (logical/physical): 512 bytes / 4096 bytes
I/O size (minimum/optimal): 4096 bytes / 4096 bytes

```
cryptsetup -v status secret

```
root@bubuntu:~# cryptsetup -v status secret
/dev/mapper/secret is active.
  type:    LUKS2
  cipher:  aes-xts-plain64
  keysize: 512 bits
  key location: keyring
  device:  /dev/sdb1
  sector size:  512
  offset:  32768 sectors
  size:    172032 sectors
  mode:    read/write
Command successful.
```
cryptsetup luksDump /dev/sdb1

```
root@bubuntu:~# cryptsetup luksDump /dev/sdb1
LUKS header information
Version:       	2
Epoch:         	4
Metadata area: 	16384 [bytes]
Keyslots area: 	16744448 [bytes]
UUID:          	eee42018-b240-4f6a-8de4-1591f34aa6b4
Label:         	(no label)
Subsystem:     	(no subsystem)
Flags:       	(no flags)

Data segments:
  0: crypt
	offset: 16777216 [bytes]
	length: (whole device)
	cipher: aes-xts-plain64
	sector: 512 [bytes]

Keyslots:
  0: luks2
	Key:        512 bits
	Priority:   normal
	Cipher:     aes-xts-plain64
	Cipher key: 512 bits
	PBKDF:      argon2i
	Time cost:  4
	Memory:     1048576
	Threads:    2
	Salt:       d9 7b 33 46 c9 fb 6d 81 b7 89 39 34 dc d9 4a d5 
	            9f 4b 59 d5 3e c7 23 6f 27 08 9b 6e 02 f7 b7 a9 
	AF stripes: 4000
	AF hash:    sha256
	Area offset:32768 [bytes]
	Area length:258048 [bytes]
	Digest ID:  0
  1: luks2
	Key:        512 bits
	Priority:   normal
	Cipher:     aes-xts-plain64
	Cipher key: 512 bits
	PBKDF:      argon2i
	Time cost:  4
	Memory:     1048576
	Threads:    2
	Salt:       5c 20 d4 a2 51 4a df d1 93 23 4e ed d4 5f 6e f5 
	            3e 38 24 2d db 41 55 fc 45 97 6b f4 ad 10 5e c7 
	AF stripes: 4000
	AF hash:    sha256
	Area offset:290816 [bytes]
	Area length:258048 [bytes]
	Digest ID:  0
Tokens:
Digests:
  0: pbkdf2
	Hash:       sha256
	Iterations: 260063
	Salt:       60 a3 2a 38 33 d9 51 d1 64 15 0e df d8 f1 92 6f 
	            b7 51 d9 ad 47 35 0e 22 b2 9a b2 61 6c b2 dd 40 
	Digest:     32 ef df 00 85 a0 f7 fd 9c e5 73 9e 22 b8 df 12 
	            e9 bf 96 29 4d d6 be 6f 3e 4f 1e 47 65 6a 78 f6
```

1. создание каталога куда монтировать
2. монирование 
```
root@bubuntu:~# sudo mkdir -p /secret
root@bubuntu:~# sudo chmod 755 /secret
root@bubuntu:~#  mount /dev/mapper/secret /secret
root@bubuntu:~# df -h
Filesystem          Size  Used Avail Use% Mounted on
udev                1.9G     0  1.9G   0% /dev
tmpfs               392M  1.4M  391M   1% /run
/dev/sda2            63G  7.3G   52G  13% /
tmpfs               2.0G     0  2.0G   0% /dev/shm
tmpfs               5.0M  4.0K  5.0M   1% /run/lock
tmpfs               2.0G     0  2.0G   0% /sys/fs/cgroup
/dev/loop0           49M   49M     0 100% /snap/core18/2289
/dev/loop1           58M   58M     0 100% /snap/core20/1408
/dev/loop2           49M   49M     0 100% /snap/core18/2349
/dev/loop3           39M   39M     0 100% /snap/snapd/15541
/dev/loop4           62M   62M     0 100% /snap/lxd/22761
/dev/loop5           58M   58M     0 100% /snap/core20/1274
/dev/loop6           61M   61M     0 100% /snap/lxd/21843
/dev/sda1           511M  3.5M  508M   1% /boot/efi
Home                461G  120G  341G  26% /media/psf/Home
iCloud              461G  120G  341G  26% /media/psf/iCloud
tmpfs               392M   44K  392M   1% /run/user/1000
/dev/mapper/secret   78M   64K   72M   1% /secret
root@bubuntu:~# cd /secret/
root@bubuntu:/secret# ls
lost+found
root@bubuntu:/secret# 
```
*В качестве ответа пришлите снимки экрана с поэтапным выполнением задания.*


## Дополнительные задания (со звездочкой*)

Эти задания дополнительные (не обязательные к выполнению) и никак не повлияют на получение вами зачета по этому домашнему заданию. Вы можете их выполнить, если хотите глубже и/или шире разобраться в материале.

### Задание 3. *

1. Установите **apparmor**.
2. Повторите эксперимент, указанный в лекции.
3. Отключите (удалите) apparmor.


*В качестве ответа пришлите снимки экрана с поэтапным выполнением задания.*


